=========================================================================

  JBoss Bootstrap Environment

  JBOSS_HOME: /home/tsialone/wildfly

  JAVA: /usr/lib/jvm/jdk-21.0.8-oracle-x64/bin/java

  JAVA_OPTS:  -server -Xms64m -Xmx512m -XX:MetaspaceSize=96M -XX:MaxMetaspaceSize=256m -Djava.net.preferIPv4Stack=true -Djboss.modules.system.pkgs=org.jboss.byteman -Djava.awt.headless=true  --add-exports=java.desktop/sun.awt=ALL-UNNAMED --add-exports=java.naming/com.sun.jndi.ldap=ALL-UNNAMED --add-exports=java.naming/com.sun.jndi.url.ldap=ALL-UNNAMED --add-exports=java.naming/com.sun.jndi.url.ldaps=ALL-UNNAMED --add-exports=jdk.naming.dns/com.sun.jndi.dns=ALL-UNNAMED --add-opens=java.base/java.lang=ALL-UNNAMED --add-opens=java.base/java.lang.invoke=ALL-UNNAMED --add-opens=java.base/java.lang.reflect=ALL-UNNAMED --add-opens=java.base/java.io=ALL-UNNAMED --add-opens=java.base/java.security=ALL-UNNAMED --add-opens=java.base/java.util=ALL-UNNAMED --add-opens=java.base/java.util.concurrent=ALL-UNNAMED --add-opens=java.management/javax.management=ALL-UNNAMED --add-opens=java.naming/javax.naming=ALL-UNNAMED -Djava.security.manager=allow

=========================================================================

[0m14:16:06,033 INFO  [org.jboss.modules] (main) JBoss Modules version 2.0.3.Final
[0m[0m14:16:06,533 INFO  [org.jboss.msc] (main) JBoss MSC version 1.4.13.Final
[0m[0m14:16:06,540 INFO  [org.jboss.threads] (main) JBoss Threads version 2.4.0.Final
[0m[0m14:16:06,627 INFO  [org.jboss.as] (MSC service thread 1-2) WFLYSRV0049: WildFly Full 27.0.1.Final (WildFly Core 19.0.1.Final) starting
[0m[0m14:16:07,276 INFO  [org.wildfly.security] (ServerService Thread Pool -- 26) ELY00001: WildFly Elytron version 2.0.0.Final
[0m[33m14:16:07,568 WARN  [org.jboss.as.controller] (ServerService Thread Pool -- 16) WFLYCTL0481: The runtime dependency package 'io.smallrye.opentracing-contrib' is already registered at location '/subsystem=microprofile-opentracing-smallrye'
[0m[33m14:16:07,569 WARN  [org.jboss.as.controller] (ServerService Thread Pool -- 16) WFLYCTL0481: The runtime dependency package 'io.smallrye.opentracing-contrib' is already registered at location '/subsystem=microprofile-opentracing-smallrye'
[0m[0m14:16:07,715 INFO  [org.jboss.as.controller.management-deprecated] (ServerService Thread Pool -- 30) WFLYCTL0028: Attribute 'cluster' in the resource at address '/subsystem=ejb3/service=remote' is deprecated, and may be removed in a future version. See the attribute description in the output of the read-resource-description operation to learn more about the deprecation.
[0m[0m14:16:07,733 INFO  [org.jboss.as.server.deployment.scanner] (DeploymentScanner-threads - 1) WFLYDS0015: Re-attempting failed deployment client-ejb.war
[0m[33m14:16:07,736 WARN  [org.jboss.as.server.deployment.scanner] (DeploymentScanner-threads - 1) WFLYDS0003: Deployment of 'change-ejb.jar' requested, but the deployment is not present
[0m[0m14:16:07,864 INFO  [org.jboss.as.server] (Controller Boot Thread) WFLYSRV0039: Creating http management service using socket-binding (management-http)
[0m[0m14:16:07,878 INFO  [org.xnio] (MSC service thread 1-7) XNIO version 3.8.8.Final
[0m[0m14:16:07,885 INFO  [org.xnio.nio] (MSC service thread 1-7) XNIO NIO Implementation Version 3.8.8.Final
[0m[0m14:16:07,915 INFO  [org.jboss.remoting] (MSC service thread 1-1) JBoss Remoting version 5.0.26.Final
[0m[0m14:16:07,919 INFO  [org.wildfly.extension.elytron.oidc._private] (ServerService Thread Pool -- 54) WFLYOIDC0001: Activating WildFly Elytron OIDC Subsystem
[0m[0m14:16:07,920 INFO  [org.wildfly.extension.health] (ServerService Thread Pool -- 55) WFLYHEALTH0001: Activating Base Health Subsystem
[0m[0m14:16:07,921 INFO  [org.jboss.as.clustering.infinispan] (ServerService Thread Pool -- 56) WFLYCLINF0001: Activating Infinispan subsystem.
[0m[0m14:16:07,924 INFO  [org.jboss.as.jaxrs] (ServerService Thread Pool -- 58) WFLYRS0016: RESTEasy version 6.2.1.Final
[0m[0m14:16:07,930 INFO  [org.wildfly.extension.io] (ServerService Thread Pool -- 57) WFLYIO001: Worker 'default' has auto-configured to 24 IO threads with 192 max task threads based on your 12 available processors
[0m[0m14:16:07,931 INFO  [org.wildfly.extension.microprofile.jwt.smallrye] (ServerService Thread Pool -- 67) WFLYJWT0001: Activating MicroProfile JWT Subsystem
[0m[0m14:16:07,932 INFO  [org.wildfly.extension.microprofile.config.smallrye] (ServerService Thread Pool -- 66) WFLYCONF0001: Activating MicroProfile Config Subsystem
[0m[33m14:16:07,936 WARN  [org.jboss.as.txn] (ServerService Thread Pool -- 76) WFLYTX0013: The node-identifier attribute on the /subsystem=transactions is set to the default value. This is a danger for environments running multiple servers. Please make sure the attribute value is unique.
[0m[0m14:16:07,936 INFO  [org.jboss.as.jsf] (ServerService Thread Pool -- 63) WFLYJSF0007: Activated the following Jakarta Server Faces Implementations: [main]
[0m[0m14:16:07,941 INFO  [org.wildfly.extension.microprofile.opentracing] (ServerService Thread Pool -- 68) WFLYTRACEXT0001: Activating MicroProfile OpenTracing Subsystem
[0m[0m14:16:07,946 INFO  [org.jboss.as.naming] (ServerService Thread Pool -- 69) WFLYNAM0001: Activating Naming Subsystem
[0m[0m14:16:07,951 INFO  [org.jboss.as.webservices] (ServerService Thread Pool -- 78) WFLYWS0002: Activating WebServices Extension
[0m[0m14:16:07,952 INFO  [org.wildfly.extension.metrics] (ServerService Thread Pool -- 65) WFLYMETRICS0001: Activating Base Metrics Subsystem
[0m[0m14:16:07,958 INFO  [org.jboss.as.server.deployment] (MSC service thread 1-6) WFLYSRV0027: Starting deployment of "server-ejb.war" (runtime-name: "server-ejb.war")
[0m[0m14:16:07,961 INFO  [org.jboss.as.server.deployment] (MSC service thread 1-7) WFLYSRV0027: Starting deployment of "client-ejb.war" (runtime-name: "client-ejb.war")
[0m[0m14:16:07,971 INFO  [org.jboss.as.connector] (MSC service thread 1-7) WFLYJCA0009: Starting Jakarta Connectors Subsystem (WildFly/IronJacamar 1.5.9.Final)
[0m[0m14:16:07,980 INFO  [org.jboss.as.connector.subsystems.datasources] (ServerService Thread Pool -- 45) WFLYJCA0004: Deploying JDBC-compliant driver class org.h2.Driver (version 2.1)
[0m[0m14:16:07,992 INFO  [org.jboss.as.connector.deployers.jdbc] (MSC service thread 1-1) WFLYJCA0018: Started Driver service with driver-name = h2
[0m[0m14:16:08,000 INFO  [org.wildfly.extension.undertow] (MSC service thread 1-7) WFLYUT0003: Undertow 2.3.0.Final starting
[0m[0m14:16:08,012 INFO  [org.jboss.as.connector.subsystems.datasources] (ServerService Thread Pool -- 45) WFLYJCA0005: Deploying non-JDBC-compliant driver class org.postgresql.Driver (version 42.6)
[0m[0m14:16:08,015 INFO  [org.jboss.as.connector.deployers.jdbc] (MSC service thread 1-2) WFLYJCA0018: Started Driver service with driver-name = postgresql
[0m[0m14:16:08,024 INFO  [org.jboss.as.naming] (MSC service thread 1-5) WFLYNAM0003: Starting Naming Service
[0m[0m14:16:08,027 INFO  [org.jboss.as.mail.extension] (MSC service thread 1-5) WFLYMAIL0001: Bound mail session [java:jboss/mail/Default]
[0m[33m14:16:08,079 WARN  [org.wildfly.extension.elytron] (MSC service thread 1-7) WFLYELY00023: KeyStore file '/home/tsialone/wildfly/standalone/configuration/application.keystore' does not exist. Used blank.
[0m[33m14:16:08,100 WARN  [org.wildfly.extension.elytron] (MSC service thread 1-7) WFLYELY01084: KeyStore /home/tsialone/wildfly/standalone/configuration/application.keystore not found, it will be auto generated on first use with a self-signed certificate for host localhost
[0m[0m14:16:08,104 INFO  [org.wildfly.extension.undertow] (ServerService Thread Pool -- 77) WFLYUT0014: Creating file handler for path '/home/tsialone/wildfly/welcome-content' with options [directory-listing: 'false', follow-symlink: 'false', case-sensitive: 'true', safe-symlink-paths: '[]']
[0m[0m14:16:08,106 INFO  [org.jboss.as.ejb3] (MSC service thread 1-3) WFLYEJB0481: Strict pool slsb-strict-max-pool is using a max instance size of 192 (per class), which is derived from thread worker pool sizing.
[0m[0m14:16:08,105 INFO  [org.jboss.as.ejb3] (MSC service thread 1-4) WFLYEJB0482: Strict pool mdb-strict-max-pool is using a max instance size of 48 (per class), which is derived from the number of CPUs on this host.
[0m[0m14:16:08,116 INFO  [org.wildfly.extension.undertow] (MSC service thread 1-3) WFLYUT0012: Started server default-server.
[0m[0m14:16:08,117 INFO  [org.wildfly.extension.undertow] (MSC service thread 1-6) Queuing requests.
[0m[0m14:16:08,118 INFO  [org.wildfly.extension.undertow] (MSC service thread 1-6) WFLYUT0018: Host default-host starting
[0m[31m14:16:08,177 ERROR [org.jboss.msc.service.fail] (MSC service thread 1-3) MSC000001: Failed to start service org.wildfly.undertow.listener.default: org.jboss.msc.service.StartException in service org.wildfly.undertow.listener.default: Address already in use /0.0.0.0:8080
	at org.wildfly.extension.undertow@27.0.1.Final//org.wildfly.extension.undertow.ListenerService.start(ListenerService.java:212)
	at org.jboss.msc@1.4.13.Final//org.jboss.msc.service.ServiceControllerImpl$StartTask.startService(ServiceControllerImpl.java:1739)
	at org.jboss.msc@1.4.13.Final//org.jboss.msc.service.ServiceControllerImpl$StartTask.execute(ServiceControllerImpl.java:1701)
	at org.jboss.msc@1.4.13.Final//org.jboss.msc.service.ServiceControllerImpl$ControllerTask.run(ServiceControllerImpl.java:1559)
	at org.jboss.threads@2.4.0.Final//org.jboss.threads.ContextClassLoaderSavingRunnable.run(ContextClassLoaderSavingRunnable.java:35)
	at org.jboss.threads@2.4.0.Final//org.jboss.threads.EnhancedQueueExecutor.safeRun(EnhancedQueueExecutor.java:1990)
	at org.jboss.threads@2.4.0.Final//org.jboss.threads.EnhancedQueueExecutor$ThreadBody.doRunTask(EnhancedQueueExecutor.java:1486)
	at org.jboss.threads@2.4.0.Final//org.jboss.threads.EnhancedQueueExecutor$ThreadBody.run(EnhancedQueueExecutor.java:1377)
	at java.base/java.lang.Thread.run(Thread.java:1583)

[0m[31m14:16:08,202 ERROR [org.jboss.msc.service.fail] (MSC service thread 1-5) MSC000001: Failed to start service org.wildfly.management.http.extensible: org.jboss.msc.service.StartException in service org.wildfly.management.http.extensible: java.net.BindException: Address already in use /127.0.0.1:9990
	at org.jboss.as.server@19.0.1.Final//org.jboss.as.server.mgmt.UndertowHttpManagementService.start(UndertowHttpManagementService.java:386)
	at org.jboss.msc@1.4.13.Final//org.jboss.msc.service.ServiceControllerImpl$StartTask.startService(ServiceControllerImpl.java:1739)
	at org.jboss.msc@1.4.13.Final//org.jboss.msc.service.ServiceControllerImpl$StartTask.execute(ServiceControllerImpl.java:1701)
	at org.jboss.msc@1.4.13.Final//org.jboss.msc.service.ServiceControllerImpl$ControllerTask.run(ServiceControllerImpl.java:1559)
	at org.jboss.threads@2.4.0.Final//org.jboss.threads.ContextClassLoaderSavingRunnable.run(ContextClassLoaderSavingRunnable.java:35)
	at org.jboss.threads@2.4.0.Final//org.jboss.threads.EnhancedQueueExecutor.safeRun(EnhancedQueueExecutor.java:1990)
	at org.jboss.threads@2.4.0.Final//org.jboss.threads.EnhancedQueueExecutor$ThreadBody.doRunTask(EnhancedQueueExecutor.java:1486)
	at org.jboss.threads@2.4.0.Final//org.jboss.threads.EnhancedQueueExecutor$ThreadBody.run(EnhancedQueueExecutor.java:1363)
	at java.base/java.lang.Thread.run(Thread.java:1583)

[0m[0m14:16:08,233 INFO  [org.jboss.as.ejb3] (MSC service thread 1-4) WFLYEJB0493: Jakarta Enterprise Beans subsystem suspension complete
[0m[31m14:16:08,234 ERROR [org.jboss.msc.service.fail] (MSC service thread 1-6) MSC000001: Failed to start service org.wildfly.undertow.listener.https: org.jboss.msc.service.StartException in service org.wildfly.undertow.listener.https: Address already in use /0.0.0.0:8443
	at org.wildfly.extension.undertow@27.0.1.Final//org.wildfly.extension.undertow.ListenerService.start(ListenerService.java:212)
	at org.jboss.msc@1.4.13.Final//org.jboss.msc.service.ServiceControllerImpl$StartTask.startService(ServiceControllerImpl.java:1739)
	at org.jboss.msc@1.4.13.Final//org.jboss.msc.service.ServiceControllerImpl$StartTask.execute(ServiceControllerImpl.java:1701)
	at org.jboss.msc@1.4.13.Final//org.jboss.msc.service.ServiceControllerImpl$ControllerTask.run(ServiceControllerImpl.java:1559)
	at org.jboss.threads@2.4.0.Final//org.jboss.threads.ContextClassLoaderSavingRunnable.run(ContextClassLoaderSavingRunnable.java:35)
	at org.jboss.threads@2.4.0.Final//org.jboss.threads.EnhancedQueueExecutor.safeRun(EnhancedQueueExecutor.java:1990)
	at org.jboss.threads@2.4.0.Final//org.jboss.threads.EnhancedQueueExecutor$ThreadBody.doRunTask(EnhancedQueueExecutor.java:1486)
	at org.jboss.threads@2.4.0.Final//org.jboss.threads.EnhancedQueueExecutor$ThreadBody.run(EnhancedQueueExecutor.java:1377)
	at java.base/java.lang.Thread.run(Thread.java:1583)

[0m[0m14:16:08,274 INFO  [org.jboss.as.connector.subsystems.datasources] (MSC service thread 1-2) WFLYJCA0001: Bound data source [java:jboss/datasources/ExampleDS]
[0m[0m14:16:08,274 INFO  [org.jboss.as.connector.subsystems.datasources] (MSC service thread 1-1) WFLYJCA0001: Bound data source [java:jboss/datasources/PostgresEJBDS]
[0m[0m14:16:08,316 INFO  [org.jboss.as.server.deployment] (MSC service thread 1-5) WFLYSRV0027: Starting deployment of "ejb-impl-A-1.0-SNAPSHOT.jar" (runtime-name: "ejb-impl-A-1.0-SNAPSHOT.jar")
[0m[0m14:16:08,332 INFO  [org.jboss.as.patching] (MSC service thread 1-1) WFLYPAT0050: WildFly Full cumulative patch ID is: base, one-off patches include: none
[0m[0m14:16:08,340 INFO  [org.jboss.as.server.deployment.scanner] (MSC service thread 1-1) WFLYDS0013: Started FileSystemDeploymentService for directory /home/tsialone/wildfly/standalone/deployments
[0m[31m14:16:08,838 ERROR [org.jboss.as.controller.management-operation] (Controller Boot Thread) WFLYCTL0013: Operation ("add") failed - address: ([
    ("core-service" => "management"),
    ("management-interface" => "http-interface")
]) - failure description: {
    "WFLYCTL0080: Failed services" => {"org.wildfly.management.http.extensible" => "java.net.BindException: Address already in use /127.0.0.1:9990"},
    "WFLYCTL0412: Required services that are not installed:" => ["jboss.http-upgrade-registry.http-management"],
    "WFLYCTL0180: Services with missing/unavailable dependencies" => ["jboss.remoting.remoting-http-upgrade-service.http-management is missing [jboss.http-upgrade-registry.http-management]"]
}
[0m[31m14:16:08,888 ERROR [org.jboss.as.controller.management-operation] (Controller Boot Thread) WFLYCTL0013: Operation ("add") failed - address: ([
    ("subsystem" => "remoting"),
    ("http-connector" => "http-remoting-connector")
]) - failure description: {
    "WFLYCTL0412: Required services that are not installed:" => ["jboss.http-upgrade-registry.default"],
    "WFLYCTL0180: Services with missing/unavailable dependencies" => ["jboss.remoting.remoting-http-upgrade-service.http-remoting-connector is missing [jboss.http-upgrade-registry.default]"]
}
[0m[31m14:16:08,889 ERROR [org.jboss.as.controller.management-operation] (Controller Boot Thread) WFLYCTL0013: Operation ("add") failed - address: ([
    ("subsystem" => "undertow"),
    ("server" => "default-server"),
    ("http-listener" => "default")
]) - failure description: {"WFLYCTL0080: Failed services" => {"org.wildfly.undertow.listener.default" => "Address already in use /0.0.0.0:8080"}}
[0m[31m14:16:08,889 ERROR [org.jboss.as.controller.management-operation] (Controller Boot Thread) WFLYCTL0013: Operation ("add") failed - address: ([
    ("subsystem" => "undertow"),
    ("server" => "default-server"),
    ("https-listener" => "https")
]) - failure description: {"WFLYCTL0080: Failed services" => {"org.wildfly.undertow.listener.https" => "Address already in use /0.0.0.0:8443"}}
[0m[31m14:16:08,890 ERROR [org.jboss.as.controller] (Controller Boot Thread) WFLYCTL0459: Triggering roll back due to missing management services.
[0m[31m14:16:08,890 ERROR [org.jboss.as.controller.management-operation] (Controller Boot Thread) WFLYCTL0013: Operation ("add") failed - address: ([
    ("core-service" => "management"),
    ("management-interface" => "http-interface")
]) - failure description: {
    "WFLYCTL0080: Failed services" => {"org.wildfly.management.http.extensible" => "java.net.BindException: Address already in use /127.0.0.1:9990"},
    "WFLYCTL0412: Required services that are not installed:" => ["jboss.http-upgrade-registry.http-management"],
    "WFLYCTL0180: Services with missing/unavailable dependencies" => ["jboss.remoting.remoting-http-upgrade-service.http-management is missing [jboss.http-upgrade-registry.http-management]"]
}
[0m[31m14:16:08,903 ERROR [org.jboss.as.server] (Controller Boot Thread) WFLYSRV0021: Deploy of deployment "ejb-impl-A-1.0-SNAPSHOT.jar" was rolled back with the following failure message: undefined
[0m[0m14:16:08,903 INFO  [org.jboss.as.server.deployment] (MSC service thread 1-7) WFLYSRV0028: Stopped deployment ejb-impl-A-1.0-SNAPSHOT.jar (runtime-name: ejb-impl-A-1.0-SNAPSHOT.jar) in 0ms
[0m[31m14:16:08,904 ERROR [org.jboss.as.server] (ServerService Thread Pool -- 46) WFLYSRV0021: Deploy of deployment "server-ejb.war" was rolled back with the following failure message: undefined
[0m[0m14:16:08,904 INFO  [org.jboss.as.server.deployment] (MSC service thread 1-6) WFLYSRV0028: Stopped deployment server-ejb.war (runtime-name: server-ejb.war) in 0ms
[0m[31m14:16:08,905 ERROR [org.jboss.as.server] (ServerService Thread Pool -- 46) WFLYSRV0021: Deploy of deployment "client-ejb.war" was rolled back with the following failure message: undefined
[0m[0m14:16:08,908 INFO  [org.jboss.as.server.deployment] (MSC service thread 1-2) WFLYSRV0028: Stopped deployment client-ejb.war (runtime-name: client-ejb.war) in 2ms
[0m[0m14:16:08,909 INFO  [org.jboss.as.connector.subsystems.datasources] (MSC service thread 1-2) WFLYJCA0010: Unbound data source [java:jboss/datasources/PostgresEJBDS]
[0m[0m14:16:08,908 INFO  [org.jboss.as.mail.extension] (MSC service thread 1-8) WFLYMAIL0002: Unbound mail session [java:jboss/mail/Default]
[0m[0m14:16:08,909 INFO  [org.jboss.as.connector.subsystems.datasources] (MSC service thread 1-7) WFLYJCA0010: Unbound data source [java:jboss/datasources/ExampleDS]
[0m[0m14:16:08,911 INFO  [org.wildfly.extension.undertow] (MSC service thread 1-4) WFLYUT0019: Host default-host stopping
[0m[0m14:16:08,912 INFO  [org.wildfly.extension.undertow] (MSC service thread 1-8) WFLYUT0004: Undertow 2.3.0.Final stopping
[0m[0m14:16:08,913 INFO  [org.jboss.as.connector.deployers.jdbc] (MSC service thread 1-4) WFLYJCA0019: Stopped Driver service with driver-name = h2
[0m[0m14:16:08,913 INFO  [org.jboss.as.connector.deployers.jdbc] (MSC service thread 1-5) WFLYJCA0019: Stopped Driver service with driver-name = postgresql
[0m[31m14:16:08,952 FATAL [org.jboss.as.server] (Controller Boot Thread) WFLYSRV0056: Server boot has failed in an unrecoverable manner; exiting. See previous messages for details. - Server configuration file in use: standalone.xml
[0m[0m14:16:08,960 INFO  [org.jboss.as] (MSC service thread 1-6) WFLYSRV0050: WildFly Full 27.0.1.Final (WildFly Core 19.0.1.Final) stopped in 4ms
[0m